#-----------------------------------------------------------
# Vivado v2015.2 (64-bit)
# SW Build 1266856 on Fri Jun 26 16:35:25 MDT 2015
# IP Build 1264090 on Wed Jun 24 14:22:01 MDT 2015
# Start of session at: Mon May 15 15:50:46 2017
# Process ID: 9872
# Log file: C:/Users/David Amin/Documents/ECE 414/414L/project_2/vivado.log
# Journal file: C:/Users/David Amin/Documents/ECE 414/414L/project_2\vivado.jou
#-----------------------------------------------------------
start_gui
open_project {C:/Users/David Amin/Documents/ECE 414/414L/project_2/project_2.xpr}
remove_files {{C:/Users/David Amin/Documents/ECE 414/414L/project_2/project_2.srcs/sources_1/new/Fuzzy.vhd}}
import_files -norecurse {{C:/Users/David Amin/Documents/ECE 414/414L/project_4/project_4.srcs/sources_1/new/Mem_dE.vhd} {C:/Users/David Amin/Documents/ECE 414/414L/project_4/project_4.srcs/sources_1/new/FL_Controller.vhd} {C:/Users/David Amin/Documents/ECE 414/414L/project_4/project_4.srcs/sources_1/new/Mem_E.vhd}}
update_compile_order -fileset sources_1
import_files -norecurse {{C:/Users/David Amin/Documents/ECE 414/414L/project_4/project_4.srcs/sources_1/new/Outputs.vhd} {C:/Users/David Amin/Documents/ECE 414/414L/project_4/project_4.srcs/sources_1/new/Registers.vhd}}
update_compile_order -fileset sources_1
set_property SOURCE_SET sources_1 [get_filesets sim_1]
import_files -fileset sim_1 -norecurse {{C:/Users/David Amin/Documents/ECE 414/414L/project_4/project_4.srcs/sim_1/new/tb_FL_Controller.vhd}}
update_compile_order -fileset sim_1
# Disabling source management mode.  This is to allow the top design properties to be set without GUI intervention.
set_property source_mgmt_mode None [current_project]
set_property top tb_FL_Controller [get_filesets sim_1]
set_property top_lib xil_defaultlib [get_filesets sim_1]
# Re-enabling previously disabled source management mode.
set_property source_mgmt_mode All [current_project]
update_compile_order -fileset sim_1
launch_simulation
source tb_FL_Controller.tcl
close_sim
launch_simulation
launch_simulation
source tb_FL_Controller.tcl
close_sim
launch_simulation
source tb_FL_Controller.tcl
close_sim
launch_simulation
source tb_FL_Controller.tcl
close_sim
launch_simulation
launch_simulation
launch_simulation
source tb_FL_Controller.tcl
close_sim
launch_simulation
launch_simulation
launch_simulation
launch_simulation
launch_simulation
launch_simulation
source tb_FL_Controller.tcl
close_sim
launch_simulation
source tb_FL_Controller.tcl
close_sim
open_hw
connect_hw_server
open_hw_target [lindex [get_hw_targets -of_objects [get_hw_servers localhost]] 0]
set_property PROGRAM.FILE {C:/Users/David Amin/Documents/ECE 414/414L/project_2/project_2.runs/impl_2/TOP.bit} [lindex [get_hw_devices] 0]
current_hw_device [lindex [get_hw_devices] 0]
refresh_hw_device -update_hw_probes false [lindex [get_hw_devices] 0]
set_property PROBES.FILE {} [lindex [get_hw_devices] 0]
set_property PROGRAM.FILE {C:/Users/David Amin/Documents/ECE 414/414L/project_2/project_2.runs/impl_2/TOP.bit} [lindex [get_hw_devices] 0]
program_hw_devices [lindex [get_hw_devices] 0]
refresh_hw_device [lindex [get_hw_devices] 0]
close_hw
set_property is_enabled false [get_files  {{C:/Users/David Amin/Documents/ECE 414/414L/project_2/project_2.srcs/sources_1/imports/new/FL_Controller.vhd} {C:/Users/David Amin/Documents/ECE 414/414L/project_2/project_2.srcs/sources_1/imports/new/Mem_E.vhd} {C:/Users/David Amin/Documents/ECE 414/414L/project_2/project_2.srcs/sources_1/imports/new/Mem_dE.vhd} {C:/Users/David Amin/Documents/ECE 414/414L/project_2/project_2.srcs/sources_1/imports/new/Registers.vhd} {C:/Users/David Amin/Documents/ECE 414/414L/project_2/project_2.srcs/sources_1/imports/new/Outputs.vhd}}]
reset_run synth_1
launch_runs impl_2 -to_step write_bitstream -jobs 2
wait_on_run impl_2
open_hw
connect_hw_server
open_hw_target [lindex [get_hw_targets -of_objects [get_hw_servers localhost]] 0]
set_property PROGRAM.FILE {C:/Users/David Amin/Documents/ECE 414/414L/project_2/project_2.runs/impl_2/TOP.bit} [lindex [get_hw_devices] 0]
current_hw_device [lindex [get_hw_devices] 0]
refresh_hw_device -update_hw_probes false [lindex [get_hw_devices] 0]
set_property PROBES.FILE {} [lindex [get_hw_devices] 0]
set_property PROGRAM.FILE {C:/Users/David Amin/Documents/ECE 414/414L/project_2/project_2.runs/impl_2/TOP.bit} [lindex [get_hw_devices] 0]
program_hw_devices [lindex [get_hw_devices] 0]
refresh_hw_device [lindex [get_hw_devices] 0]
close_hw_target
